DEBUG:urllib3.connectionpool:Starting new HTTPS connection (1): web-api-prod-obo.horizon.tv:443
DEBUG:urllib3.connectionpool:https://web-api-prod-obo.horizon.tv:443 "POST /oesp/v4/NL/nld/web/session HTTP/1.1" 200 6438
DEBUG:root:{'oespToken': 'eyJ0eXAiOiJKV1QiLCJraWQiOiJvZXNwX3Rva2VuX3Byb2RfMjAyMDA4MTkiLCJhbGciOiJIUzI1NiJ9.eyJzdWIiOiI4NDM2ODMwIiwiaXNzIjoid2ViLWFwaS1wcm9kLW9iby5ob3Jpem9uLnR2IiwiZXhwIjoxNjAyOTM4NDMxLCJpYXQiOjE2MDI5MzEyMzEsInNpZCI6IjJjYjYzN2VkNzM4ZjA0MmNjMTM0OTdhYWUyMTMxMjkzNjI5NzM3OGVlNTI1NWNkYmZhNDNkMGU2N2U3Yzg0ODgifQ.Ap1dNQ6Bhjjif91BeduM6B8nwga96jHvtJ3-pIaJwH4', 'username': 'r.offereins@gmail.com', 'locationId': '65535', 'timeToIdleSeconds': 7200, 'customer': {'givenName': 'R.P.C.', 'familyName': 'Offereins', 'countryCode': 'NL', 'gender': 'female', 'segmentAsNdh': False, 'status': [], 'smartCardId': '0017919875', 'physicalDeviceId': '3C36E4-EOSSTB-003890066107', 'stbType': 'EOS', 'networkDvrAvailable': True, 'localDvrAvailable': False, 'householdId': '8436830_nl', 'sharedProfileId': '4504e28d-c1cb-4284-810b-f5eaab06f034', 'replayTvEntitled': True, 'replayTvAvailable': True, 'replayTvMinimumBroadcastTime': 0, 'replayTvOptedIn': True, 'offlineViewingEntitled': True, 'profileIds': ['ecf5d419-0523-449f-8f7c-caefeaa9b948'], 'oboProvisioned': True, 'customerId': '8436830', 'purchaseEntitlementsToken': 'eyJhbGciOiJIUzI1NiIsInppcCI6IkdaSVAifQ.H4sIAAAAAAAAAGWRUW-CMBSF_wuv7qFYZc5kDwywtrESJrHAyyJFt0JlJmhKu_jf12k0y_Zwm5vbr-ecm345lTN1tprIsn09VKiXJVufqjkVsTw-4r1scP0paOorGl4Lt6Cz_KEIsIfrSNHaF7tV_4vlN7b_w8KbxjIgT4t5JzYsEbHA-r9ufvejls1WSvC9zYVmHdfYY_D2ltTc-sbteECbYrCrCSqH_FQiKYqMgC2runJIPspgXJdD93JPDXdp-HLpU8BVBmabdRSZu99PvrTRcRhBLJQoVtijqc1j_D4OcU-1EhW67lqwROUGm9w0R5q-g1wAUKBEL1jkUpYfl6aBceqPlizXFOUat261CMi-YDNQZURedtEkWUsssgw8Ow8OP3X2QyYj6E0geGulHW37gzN1PQBdMLLH-RuYxQYvtAEAAA.-hO4QGwMZXJy_733Ofjfs8bgDLIeF_nGKj8_2pC3PN8'}, 'canStream3G': False, 'adultPinVerified': False, 'parentalPinVerified': False, 'profilePinVerified': False, 'profileCredentialVerified': False, 'hasAdultCredential': True, 'profileSettings': {'pinSettings': {'isDefault': True}, 'parentalSettings': {'unrestrictedContentRatingCodes': ['0', '12', '16', '6', '18', '9', 'ALLE'], 'isDefault': True}, 'purchaseSettings': {'restricted': True, 'isDefault': True}, 'termsSettings': {}, 'optInSettings': {'sko': {'status': 'optedOut', 'lastUpdated': 1578177337000, 'version': 'SKO_20180301'}, 'recommendations': {'status': 'optedIn', 'lastUpdated': 1566135275202}}}, 'entitlements': ['NL_005004_018044', 'NL_005019_010102', 'NL_000142_019211', 'NL_005082_010207', 'NL_105025_014206', 'NL_000146_019213', 'NL_005000_018161', 'NL_100035_012503', 'NL_105044_014402', 'NL_005034_010309', 'NL_000017_019222', 'NL_105055_014306', 'NL_000179_019044', 'crid:~~2F~~2Fdtv.nl~~2FNL_000031_019362_startover', 'NL_105018_014413', 'crid:~~2F~~2Fdtv.nl~~2FNL_000191_019261', 'crid:~~2F~~2Fdtv.nl~~2FNL_000019_019671_startover', 'NL_005026_010117', 'NL_005086_010319', 'crid:~~2F~~2Fdtv.nl~~2FNL_000079_019707', 'NL_105037_014516', 'NL_100027_012102', 'NL_105048_014510', 'NL_105062_014314', 'NL_005075_010317', 'NL_000039_019153', 'NL_000109_019464', 'crid:~~2F~~2Fdtv.nl~~2FNL_000089_019242', 'crid:~~2F~~2Fdtv.nl~~2FNL_000057_019493_startover', 'NL_100012_012206', 'NL_100038_012211', 'NL_000047_019428', 'NL_000189_013341', 'crid:~~2F~~2Fdtv.nl~~2FNL_000096_019382', 'NL_005008_018183', 'crid:~~2F~~2Fdtv.nl~~2FNL_000189_013341_startover', 'crid:~~2F~~2Fdtv.nl~~2FNL_000001_019401_startover', 'crid:~~2F~~2Fdtv.nl~~2FNL_000059_019252', 'NL_100042_012505', 'NL_000031_019362', 'NL_100046_012508', 'NL_100057_012209', 'crid:~~2F~~2Fdtv.nl~~2FNL_000018_019221', 'NL_005063_010116', 'crid:~~2F~~2Fog.libertyglobal.com~~2F34200~~2FCANVASSVODOFFERING', 'crid:~~2F~~2Fog.libertyglobal.com~~2F26000~~2FDISC_SVOD_1', 'crid:~~2F~~2Fdtv.nl~~2FNL_000063_019307', 'NL_000012_019191', 'NL_005078_010115', 'NL_005022_010104', 'NL_005089_011049', 'NL_005096_011043', 'NL_105021_014520', 'crid:~~2F~~2Fog.libertyglobal.com~~2F1010~~2FNSMY9009000000005808', 'NL_100068_012413', 'crid:~~2F~~2Fdtv.nl~~2FNL_000096_019382_startover', 'NL_100076_012310', 'NL_000074_019507', 'NL_005064_018172', 'crid:~~2F~~2Fdtv.nl~~2FNL_000110_019562', 'crid:~~2F~~2Fdtv.nl~~2FNL_000094_019321_startover', 'NL_105026_014407', 'crid:~~2F~~2Fdtv.nl~~2FNL_000024_019701_startover', 'NL_000138_019591', 'crid:~~2F~~2Fdtv.nl~~2FNL_000114_019151_startover', 'NL_000032_019226', 'crid:~~2F~~2Fdtv.nl~~2FNL_000021_019566', 'NL_000014_019661', 'NL_005067_010321', 'NL_100008_019808', 'crid:~~2F~~2Fdtv.nl~~2FNL_000010_019422', 'NL_100065_012402', 'NL_000021_019566', 'NL_100058_012507', 'NL_000003_019405', 'NL_100003_019803', 'NL_105059_014506', 'NL_105014_014211', 'NL_105070_014415', 'crid:~~2F~~2Fdtv.nl~~2FNL_000088_019251_startover', 'crid:~~2F~~2Fdtv.nl~~2FNL_000088_019251', 'crid:~~2F~~2Fdtv.nl~~2FNL_000092_020048_startover', 'NL_005053_010314', 'NL_000188_019670', 'crid:~~2F~~2Fog.libertyglobal.com~~2F37400~~2FSB9SS', 'crid:~~2F~~2Fdtv.nl~~2FNL_000058_019381_startover', 'NL_105058_014212', 'NL_005023_010301', 'NL_105006_018806', 'crid:~~2F~~2Fog.libertyglobal.com~~2F30300~~2FCHPK9009000000002268', 'NL_100024_012309', 'crid:~~2F~~2Fdtv.nl~~2FNL_000112_019385', 'NL_005056_010324', 'NL_105047_014308', 'NL_000009_019024', 'NL_100030_012521', 'NL_005070_018164', 'NL_000013_019327', 'crid:~~2F~~2Fdtv.nl~~2FNL_000030_019152_startover', 'NL_100060_012306', 'NL_000034_020027', 'NL_000095_019371', 'crid:~~2F~~2Fdtv.nl~~2FNL_000027_019330_startover', 'crid:~~2F~~2Fdtv.nl~~2FNL_STANDARD_REPLAY', 'NL_005043_011047', 'NL_000116_019005', 'NL_100016_012513', 'crid:~~2F~~2Fdtv.nl~~2FNL_000097_019370_startover', 'NL_005015_010308', 'crid:~~2F~~2Fdtv.nl~~2FNL_000058_019381', 'crid:~~2F~~2Fog.libertyglobal.com~~2F21200~~2FCTV_SVOD_SUB', 'NL_900006_019209', 'crid:~~2F~~2Fdtv.nl~~2FNL_000006_019130', 'NL_005012_010204', 'NL_105003_018803', 'NL_005010_018185', 'NL_100077_012515', 'NL_105033_014104', 'NL_005097_011044', 'NL_105073_014508', 'NL_105052_014303', 'NL_105024_014207', 'crid:~~2F~~2Fog.libertyglobal.com~~2F27000~~2FAJAX_SVOD_1', 'NL_100056_012308', 'NL_005016_010213', 'crid:~~2F~~2Fdtv.nl~~2FNL_STANDARD_REPLAY_NOTRICK', 'NL_000141_019209', 'NL_900007_019211', 'NL_000117_019351', 'crid:~~2F~~2Fdtv.nl~~2FNL_000008_019442', 'NL_000178_019041', 'NL_100061_012202', 'NL_005087_018189', 'NL_000108_019561', 'crid:~~2F~~2Fdtv.nl~~2FNL_000007_019181', 'crid:~~2F~~2Fdtv.nl~~2FNL_000077_019706_startover', 'NL_105045_014412', 'crid:~~2F~~2Fdtv.nl~~2FNL_000095_019371', 'NL_105072_014210', 'NL_105074_014214', 'NL_005039_018167', 'NL_200003_000003', 'crid:~~2F~~2Fdtv.nl~~2FNL_000103_019581_startover', 'crid:~~2F~~2Fdtv.nl~~2FNL_000056_019483', 'NL_005048_018163', 'NL_100072_012210', 'crid:~~2F~~2Fdtv.nl~~2FNL_000107_019441', 'NL_900001_019583', 'NL_005033_010203', 'NL_100080_019824', 'NL_105036_014521', 'crid:~~2F~~2Fdtv.nl~~2FNL_000013_019327', 'NL_105057_014601', 'crid:~~2F~~2Fdtv.nl~~2FNL_000108_019561_startover', 'NL_100045_012303', 'NL_105029_014511', 'NL_000090_019492', 'NL_105056_014208', 'NL_105061_014102', 'crid:~~2F~~2Fdtv.nl~~2FNL_000072_019298', 'NL_100067_012305', 'NL_005072_010320', 'NL_100050_012408', 'NL_005076_010323', 'NL_000049_019514', 'NL_000145_019208', 'NL_005038_010113', 'NL_100022_012410', 'crid:~~2F~~2Fog.libertyglobal.com~~2F20700~~2FNET5_SVOD_1', 'NL_100029_012523', 'NL_005037_018188', 'NL_005021_010202', 'NL_000087_019303', 'NL_105013_014507', 'NL_005094_010310', 'crid:~~2F~~2Fdtv.nl~~2FNL_000191_019261_startover', 'NL_000106_019349', 'NL_105001_018801', 'NL_000029_019046', 'NL_900012_019144', 'crid:~~2F~~2Fdtv.nl~~2FNL_000019_019671', 'NL_000036_019465', 'NL_005093_010304', 'NL_105035_014301', 'NL_000041_019369', 'NL_000058_019381', 'NL_000139_019592', 'NL_100009_019809', 'crid:~~2F~~2Fdtv.nl~~2FNL_000003_019405', 'crid:~~2F~~2Fdtv.nl~~2FNL_000014_019661', 'NL_000010_019422', 'NL_100004_019804', 'NL_105019_014512', 'NL_000085_019494', 'crid:~~2F~~2Fdtv.nl~~2FNL_000178_019041_startover', 'NL_005066_018047', 'crid:~~2F~~2Fdtv.nl~~2FNL_000029_019046', 'NL_100033_012311', 'NL_100023_012414', 'NL_005005_010107', 'NL_100044_012312', 'crid:~~2F~~2Fdtv.nl~~2FNL_000093_019299_startover', 'NL_005055_018166', 'crid:~~2F~~2Fdtv.nl~~2FNL_000020_019432', 'crid:~~2F~~2Fdtv.nl~~2FNL_000109_019464_startover', 'NL_100010_019810', 'NL_105002_018802', 'NL_000020_019432', 'NL_005098_018174', 'crid:~~2F~~2Fdtv.nl~~2FNL_000023_019363_startover', 'NL_000140_019594', 'NL_000046_020053', 'NL_005011_018045', 'NL_005027_010303', 'NL_105051_014201', 'NL_105041_014504', 'NL_100011_012204', 'NL_005071_018170', 'NL_105046_014304', 'NL_000007_019181', 'NL_100034_012401', 'NL_005060_018186', 'crid:~~2F~~2Fdtv.nl~~2FNL_000057_019493', 'NL_105067_014103', 'NL_100017_012412', 'NL_100039_012405', 'crid:~~2F~~2Fdtv.nl~~2FNL_000021_019566_startover', 'NL_100073_012601', 'crid:~~2F~~2Fdtv.nl~~2FNL_000005_019462_startover', 'NL_105063_014502', 'NL_900002_019214', 'NL_000035_020028', 'NL_900013_019210', 'NL_000091_019490', 'NL_000107_019441', 'crid:~~2F~~2Fdtv.nl~~2FNL_000192_019285_startover', 'NL_000183_019149', 'NL_105040_014213', 'crid:~~2F~~2Fdtv.nl~~2FNL_000064_019275_startover', 'NL_100028_012301', 'crid:~~2F~~2Fog.libertyglobal.com~~2F20350~~2FVIACOM_MYPRIME', 'NL_105007_018807', 'crid:~~2F~~2Fdtv.nl~~2FNL_000012_019191', 'NL_000030_019152', 'NL_000096_019382', 'crid:~~2F~~2Fdtv.nl~~2FNL_000012_019191_startover', 'NL_900008_019207', 'NL_105042_014404', 'NL_000144_019212', 'crid:~~2F~~2Fdtv.nl~~2FNL_000018_019221_startover', 'NL_105016_014307', 'NL_100074_012512', 'NL_105027_014203', 'NL_005058_010105', 'crid:~~2F~~2Fdtv.nl~~2FNL_000030_019152', 'crid:~~2F~~2Fdtv.nl~~2FNL_000072_019298_startover', 'NL_105068_014209', 'NL_105075_014105', 'crid:~~2F~~2Fdtv.nl~~2FNL_000076_019247_startover', 'NL_000033_019025', 'NL_000008_019442', 'NL_000118_019350', 'NL_000040_020022', 'NL_100062_012203', 'NL_105064_014205', 'crid:~~2F~~2Fdtv.nl~~2FNL_000028_019705_startover', 'NL_900011_019593', 'crid:~~2F~~2Fdtv.nl~~2FNL_200017_000017_startover', 'crid:~~2F~~2Fdtv.nl~~2FNL_000178_019041', 'crid:~~2F~~2Fdtv.nl~~2FNL_000023_019363', 'NL_105053_014313', 'crid:~~2F~~2Fdtv.nl~~2FNL_000033_019025_startover', 'crid:~~2F~~2Fog.libertyglobal.com~~2FPREVIEW_SVOD', 'NL_005047_010210', 'crid:~~2F~~2Fdtv.nl~~2FNL_000077_019706', 'NL_005091_010114', 'NL_005099_010109', 'NL_005049_018501', 'NL_100048_012518', 'NL_000048_020052', 'NL_005002_010205', 'crid:~~2F~~2Fdtv.nl~~2FNL_000016_019388_startover', 'NL_005020_010120', 'NL_105012_014302', 'NL_005077_018173', 'NL_105065_014509', 'NL_000081_020051', 'crid:~~2F~~2Fdtv.nl~~2FNL_000003_019405_startover', 'NL_000051_019047', 'NL_100040_012302', 'NL_005080_018191', 'crid:~~2F~~2Fdtv.nl~~2FNL_000111_019227', 'NL_105038_014202', 'NL_000004_019461', 'NL_100037_012404', 'NL_000028_019705', 'crid:~~2F~~2Fdtv.nl~~2FNL_000017_019222_startover', 'NL_000024_019701', 'NL_005073_010322', 'NL_000097_019370', 'NL_000011_019563', 'crid:~~2F~~2Fog.libertyglobal.com~~2F21200~~2FCTV_SVOD_FREE_2', 'NL_005088_018043', 'NL_100066_012304', 'crid:~~2F~~2Fdtv.nl~~2FNL_000032_019226_startover', 'crid:~~2F~~2Fdtv.nl~~2FNL_000064_019275', 'NL_000045_019354', 'NL_105030_014310', 'crid:~~2F~~2Fog.libertyglobal.com~~2F37500~~2FMYPRIME_UNITED', 'NL_100014_012514', 'NL_005054_010315', 'crid:~~2F~~2Fdtv.nl~~2FNL_000016_019388', 'NL_005050_010313', 'NL_000181_019669', 'NL_005032_010208', 'NL_105069_014518', 'NL_200002_000002', 'NL_100018_012525', 'NL_005084_010216', 'crid:~~2F~~2Fdtv.nl~~2FNL_000022_019328_startover', 'crid:~~2F~~2Fdtv.nl~~2FNL_000011_019563_startover', 'NL_000092_020048', 'NL_000120_020046', 'NL_000170_019515', 'NL_000113_019150', 'NL_005069_018175', 'NL_105017_014505', 'NL_105008_018808', 'NL_105039_014309', 'NL_000192_019285', 'NL_005036_010108', 'crid:~~2F~~2Fdtv.nl~~2FNL_000087_019303', 'NL_100051_012103', 'NL_100063_012403', 'NL_000148_019144', 'crid:~~2F~~2Fdtv.nl~~2FNL_000095_019371_startover', 'crid:~~2F~~2Fdtv.nl~~2FNL_000002_019402', 'NL_000022_019328', 'NL_100006_019806', 'NL_105028_014411', 'NL_100005_019805', 'crid:~~2F~~2Fdtv.nl~~2FNL_000087_019303_startover', 'NL_100055_012501', 'crid:~~2F~~2Fdtv.nl~~2FNL_000006_019130_startover', 'NL_005059_018042', 'crid:~~2F~~2Fog.libertyglobal.com~~2F20600~~2FSBS_SVOD_1', 'crid:~~2F~~2Fdtv.nl~~2FNL_000013_019327_startover', 'NL_000019_019671', 'NL_000136_019583', 'NL_105031_014316', 'NL_005051_010311', 'crid:~~2F~~2Fdtv.nl~~2FNL_000093_019299', 'crid:~~2F~~2Fdtv.nl~~2FNL_000108_019561', 'crid:~~2F~~2Fdtv.nl~~2FNL_000014_019661_startover', 'NL_000129_020044', 'NL_105011_014204', 'NL_000027_019330', 'NL_005081_010306', 'crid:~~2F~~2Fdtv.nl~~2FNL_000177_021275', 'NL_100078_012213', 'NL_005092_010206', 'NL_105023_014503', 'NL_005006_018181', 'crid:~~2F~~2Fdtv.nl~~2FNL_000059_019252_startover', 'NL_005009_018184', 'NL_100032_012201', 'NL_100054_012205', 'NL_005031_010111', 'NL_100049_012502', 'crid:~~2F~~2Fdtv.nl~~2FNL_000004_019461', 'NL_000082_019431', 'crid:~~2F~~2Fdtv.nl~~2FNL_000015_019166_startover', 'NL_005042_018190', 'NL_900003_019591', 'crid:~~2F~~2Fog.libertyglobal.com~~2F38500~~2FFREEVODID', 'NL_100081_012105', 'NL_105034_014519', 'crid:~~2F~~2Fdtv.nl~~2FNL_000031_019362', 'crid:~~2F~~2Fdtv.nl~~2FNL_000007_019181_startover', 'crid:~~2F~~2Fdtv.nl~~2FNL_000075_019246', 'NL_105020_014305', 'NL_005065_011048', 'NL_005061_010118', 'NL_005017_010103', 'NL_005083_010110', 'crid:~~2F~~2Fdtv.nl~~2FNL_000103_019581', 'NL_005018_010101', 'NL_100013_012307', 'crid:~~2F~~2Fdtv.nl~~2FNL_000132_019278_startover', 'crid:~~2F~~2Fdtv.nl~~2FNL_000069_020071_startover', 'NL_005046_010209', 'crid:~~2F~~2Fdtv.nl~~2FNL_000056_019483_startover', 'crid:~~2F~~2Fdtv.nl~~2FNL_000109_019464', 'NL_100020_012208', 'crid:~~2F~~2Fdtv.nl~~2FNL_000009_019024_startover', 'NL_000018_019221', 'NL_900009_019212', 'NL_000023_019363', 'NL_005085_018048', 'NL_105015_014410', 'crid:~~2F~~2Fdtv.nl~~2FNL_000110_019562_startover', 'crid:~~2F~~2Fdtv.nl~~2FNL_000097_019370', 'crid:~~2F~~2Fdtv.nl~~2FNL_000017_019222', 'crid:~~2F~~2Fdtv.nl~~2FNL_000028_019705', 'NL_100071_012519', 'crid:~~2F~~2Fdtv.nl~~2FNL_000024_019701', 'crid:~~2F~~2Fdtv.nl~~2FNL_000033_019025', 'NL_000182_019348', 'crid:~~2F~~2Fdtv.nl~~2FNL_000002_019402_startover', 'NL_200001_000001', 'NL_100079_019820', 'NL_105049_014414', 'NL_000149_019210', 'NL_900010_019208', 'crid:~~2F~~2Fdtv.nl~~2FNL_000111_019227_startover', 'NL_005028_011050', 'NL_005095_011042', 'crid:~~2F~~2Fog.libertyglobal.com~~2F21000~~2FECV_SVOD_1', 'NL_100015_012409', 'NL_105050_014522', 'NL_005014_018046', 'NL_000083_019306', 'crid:~~2F~~2Fog.libertyglobal.com~~2F34000~~2FVRTSVODOFFERING1', 'crid:~~2F~~2Fdtv.nl~~2FNL_000082_019431', 'NL_005007_018182', 'NL_105032_014523', 'NL_000193_019342', 'NL_005062_018187', 'NL_100047_012506', 'NL_100036_012522', 'NL_000005_019462', 'NL_000015_019166', 'NL_005003_010215', 'NL_100064_012504', 'NL_100070_012207', 'crid:~~2F~~2Fdtv.nl~~2FNL_000020_019432_startover', 'NL_000098_019255', 'NL_105054_014403', 'crid:~~2F~~2Fdtv.nl~~2FNL_000009_019024', 'NL_000001_019401', 'NL_900005_019594', 'NL_105043_014517', 'NL_000025_019708', 'NL_005040_010212', 'crid:~~2F~~2Fdtv.nl~~2FNL_000114_019151', 'crid:~~2F~~2Fdtv.nl~~2FNL_000032_019226', 'NL_005045_011046', 'NL_100021_012517', 'NL_000006_019130', 'crid:~~2F~~2Fdtv.nl~~2FNL_000112_019385_startover', 'NL_000147_019593', 'NL_005024_010307', 'NL_000086_020067', 'crid:~~2F~~2Fog.libertyglobal.com~~2F38300~~2FPSV_SVOD', 'NL_100052_012313', 'NL_105005_018805', 'crid:~~2F~~2Fdtv.nl~~2FNL_000075_019246_startover', 'NL_100043_012516', 'NL_000114_019151', 'NL_000037_019186', 'crid:~~2F~~2Fdtv.nl~~2FNL_000115_019447', 'NL_105009_018809', 'crid:~~2F~~2Fdtv.nl~~2FNL_200017_000017', 'crid:~~2F~~2Fdtv.nl~~2FNL_000027_019330', 'NL_105022_014524', 'crid:~~2F~~2Fog.libertyglobal.com~~2F34100~~2FKETNETSVODOFFERING', 'crid:~~2F~~2Fdtv.nl~~2FNL_000133_019271_startover', 'crid:~~2F~~2Fdtv.nl~~2FNL_000094_019321', 'NL_000169_020054', 'NL_005030_010214', 'crid:~~2F~~2Fdtv.nl~~2FNL_000010_019422_startover', 'NL_100007_019807', 'NL_100053_012509', 'crid:~~2F~~2Fdtv.nl~~2FNL_000001_019401', 'NL_000016_019388', 'NL_000038_019063', 'NL_000088_019251', 'NL_100002_019802', 'NL_100001_019801', 'NL_105010_018810', 'crid:~~2F~~2Fdtv.nl~~2FNL_000063_019307_startover', 'NL_100059_012520', 'NL_105060_014514', 'NL_005044_011045', 'NL_100069_012524', 'NL_000002_019402', 'NL_005057_018162', 'NL_900004_019592', 'NL_005029_010217', 'crid:~~2F~~2Fdtv.nl~~2FNL_000189_013341', 'NL_000115_019447', 'NL_005068_018169', 'crid:~~2F~~2Fdtv.nl~~2FNL_000004_019461_startover', 'crid:~~2F~~2Fdtv.nl~~2FNL_000115_019447_startover', 'NL_005001_011041', 'crid:~~2F~~2Fdtv.nl~~2FNL_000107_019441_startover', 'NL_000094_019321', 'crid:~~2F~~2Fdtv.nl~~2FNL_000076_019247', 'NL_005025_010302', 'NL_000073_019506', 'NL_000084_019301', 'NL_105004_018804', 'crid:~~2F~~2Fdtv.nl~~2FNL_000179_019044_startover', 'NL_005035_010201', 'NL_100041_012104', 'NL_100075_012415', 'NL_005041_010305', 'NL_000137_019214', 'crid:~~2F~~2Fdtv.nl~~2FNL_000069_020071', 'NL_105066_014501', 'crid:~~2F~~2Fdtv.nl~~2FNL_000011_019563', 'NL_100019_012212', 'NL_100026_012510', 'NL_000093_019299', 'NL_000099_019256', 'crid:~~2F~~2Fdtv.nl~~2FNL_000029_019046_startover', 'crid:~~2F~~2Fdtv.nl~~2FNL_000005_019462', 'NL_105071_014401', 'crid:~~2F~~2Fdtv.nl~~2FNL_900014_019275_startover', 'crid:~~2F~~2Fdtv.nl~~2FNL_000070_019293', 'NL_005052_010312', 'NL_000143_019207', 'crid:~~2F~~2Fdtv.nl~~2FNL_000015_019166', 'crid:~~2F~~2Fdtv.nl~~2FNL_000008_019442_startover', 'crid:~~2F~~2Fdtv.nl~~2FNL_000071_019489', 'NL_005074_018165', 'NL_100025_012314', 'crid:~~2F~~2Fdtv.nl~~2FNL_000083_019306', 'crid:~~2F~~2Fdtv.nl~~2FNL_000179_019044', 'NL_000050_019353', 'NL_100031_012411', 'NL_005013_010106', 'crid:~~2F~~2Fdtv.nl~~2FNL_000022_019328', 'crid:~~2F~~2Fdtv.nl~~2FNL_000065_019262', 'crid:~~2F~~2Fdtv.nl~~2FNL_000092_020048', 'NL_005090_010112', 'crid:~~2F~~2Fog.libertyglobal.com~~2F28000~~2FNLSP8202009000008000', 'NL_005079_010211', 'FREE'], 'rbEntitlements': ['NL_005004_018044', 'NL_005019_010102', 'NL_000142_019211', 'NL_005082_010207', 'NL_105025_014206', 'NL_000146_019213', 'NL_005000_018161', 'NL_100035_012503', 'NL_105044_014402', 'NL_005034_010309', 'NL_000017_019222', 'NL_105055_014306', 'NL_000179_019044', 'crid:~~2F~~2Fdtv.nl~~2FNL_000031_019362_startover', 'NL_105018_014413', 'crid:~~2F~~2Fdtv.nl~~2FNL_000191_019261', 'crid:~~2F~~2Fdtv.nl~~2FNL_000019_019671_startover', 'NL_005026_010117', 'NL_005086_010319', 'crid:~~2F~~2Fdtv.nl~~2FNL_000079_019707', 'NL_105037_014516', 'NL_100027_012102', 'NL_105048_014510', 'NL_105062_014314', 'NL_005075_010317', 'NL_000039_019153', 'NL_000109_019464', 'crid:~~2F~~2Fdtv.nl~~2FNL_000089_019242', 'crid:~~2F~~2Fdtv.nl~~2FNL_000057_019493_startover', 'NL_100012_012206', 'NL_100038_012211', 'NL_000047_019428', 'NL_000189_013341', 'crid:~~2F~~2Fdtv.nl~~2FNL_000096_019382', 'NL_005008_018183', 'crid:~~2F~~2Fdtv.nl~~2FNL_000189_013341_startover', 'crid:~~2F~~2Fdtv.nl~~2FNL_000001_019401_startover', 'crid:~~2F~~2Fdtv.nl~~2FNL_000059_019252', 'NL_100042_012505', 'NL_000031_019362', 'NL_100046_012508', 'NL_100057_012209', 'crid:~~2F~~2Fdtv.nl~~2FNL_000018_019221', 'NL_005063_010116', 'crid:~~2F~~2Fog.libertyglobal.com~~2F34200~~2FCANVASSVODOFFERING', 'crid:~~2F~~2Fog.libertyglobal.com~~2F26000~~2FDISC_SVOD_1', 'crid:~~2F~~2Fdtv.nl~~2FNL_000063_019307', 'NL_000012_019191', 'NL_005078_010115', 'NL_005022_010104', 'NL_005089_011049', 'NL_005096_011043', 'NL_105021_014520', 'crid:~~2F~~2Fog.libertyglobal.com~~2F1010~~2FNSMY9009000000005808', 'NL_100068_012413', 'crid:~~2F~~2Fdtv.nl~~2FNL_000096_019382_startover', 'NL_100076_012310', 'NL_000074_019507', 'NL_005064_018172', 'crid:~~2F~~2Fdtv.nl~~2FNL_000110_019562', 'crid:~~2F~~2Fdtv.nl~~2FNL_000094_019321_startover', 'NL_105026_014407', 'crid:~~2F~~2Fdtv.nl~~2FNL_000024_019701_startover', 'NL_000138_019591', 'crid:~~2F~~2Fdtv.nl~~2FNL_000114_019151_startover', 'NL_000032_019226', 'crid:~~2F~~2Fdtv.nl~~2FNL_000021_019566', 'NL_000014_019661', 'NL_005067_010321', 'NL_100008_019808', 'crid:~~2F~~2Fdtv.nl~~2FNL_000010_019422', 'NL_100065_012402', 'NL_000021_019566', 'NL_100058_012507', 'NL_000003_019405', 'NL_100003_019803', 'NL_105059_014506', 'NL_105014_014211', 'NL_105070_014415', 'crid:~~2F~~2Fdtv.nl~~2FNL_000088_019251_startover', 'crid:~~2F~~2Fdtv.nl~~2FNL_000088_019251', 'crid:~~2F~~2Fdtv.nl~~2FNL_000092_020048_startover', 'NL_005053_010314', 'NL_000188_019670', 'crid:~~2F~~2Fog.libertyglobal.com~~2F37400~~2FSB9SS', 'crid:~~2F~~2Fdtv.nl~~2FNL_000058_019381_startover', 'NL_105058_014212', 'NL_005023_010301', 'NL_105006_018806', 'crid:~~2F~~2Fog.libertyglobal.com~~2F30300~~2FCHPK9009000000002268', 'NL_100024_012309', 'crid:~~2F~~2Fdtv.nl~~2FNL_000112_019385', 'NL_005056_010324', 'NL_105047_014308', 'NL_000009_019024', 'NL_100030_012521', 'NL_005070_018164', 'NL_000013_019327', 'crid:~~2F~~2Fdtv.nl~~2FNL_000030_019152_startover', 'NL_100060_012306', 'NL_000034_020027', 'NL_000095_019371', 'crid:~~2F~~2Fdtv.nl~~2FNL_000027_019330_startover', 'crid:~~2F~~2Fdtv.nl~~2FNL_STANDARD_REPLAY', 'NL_005043_011047', 'NL_000116_019005', 'NL_100016_012513', 'crid:~~2F~~2Fdtv.nl~~2FNL_000097_019370_startover', 'NL_005015_010308', 'crid:~~2F~~2Fdtv.nl~~2FNL_000058_019381', 'crid:~~2F~~2Fog.libertyglobal.com~~2F21200~~2FCTV_SVOD_SUB', 'NL_900006_019209', 'crid:~~2F~~2Fdtv.nl~~2FNL_000006_019130', 'NL_005012_010204', 'NL_105003_018803', 'NL_005010_018185', 'NL_100077_012515', 'NL_105033_014104', 'NL_005097_011044', 'NL_105073_014508', 'NL_105052_014303', 'NL_105024_014207', 'crid:~~2F~~2Fog.libertyglobal.com~~2F27000~~2FAJAX_SVOD_1', 'NL_100056_012308', 'NL_005016_010213', 'crid:~~2F~~2Fdtv.nl~~2FNL_STANDARD_REPLAY_NOTRICK', 'NL_000141_019209', 'NL_900007_019211', 'NL_000117_019351', 'crid:~~2F~~2Fdtv.nl~~2FNL_000008_019442', 'NL_000178_019041', 'NL_100061_012202', 'NL_005087_018189', 'NL_000108_019561', 'crid:~~2F~~2Fdtv.nl~~2FNL_000007_019181', 'crid:~~2F~~2Fdtv.nl~~2FNL_000077_019706_startover', 'NL_105045_014412', 'crid:~~2F~~2Fdtv.nl~~2FNL_000095_019371', 'NL_105072_014210', 'NL_105074_014214', 'NL_005039_018167', 'NL_200003_000003', 'crid:~~2F~~2Fdtv.nl~~2FNL_000103_019581_startover', 'crid:~~2F~~2Fdtv.nl~~2FNL_000056_019483', 'NL_005048_018163', 'NL_100072_012210', 'crid:~~2F~~2Fdtv.nl~~2FNL_000107_019441', 'NL_900001_019583', 'NL_005033_010203', 'NL_100080_019824', 'NL_105036_014521', 'crid:~~2F~~2Fdtv.nl~~2FNL_000013_019327', 'NL_105057_014601', 'crid:~~2F~~2Fdtv.nl~~2FNL_000108_019561_startover', 'NL_100045_012303', 'NL_105029_014511', 'NL_000090_019492', 'NL_105056_014208', 'NL_105061_014102', 'crid:~~2F~~2Fdtv.nl~~2FNL_000072_019298', 'NL_100067_012305', 'NL_005072_010320', 'NL_100050_012408', 'NL_005076_010323', 'NL_000049_019514', 'NL_000145_019208', 'NL_005038_010113', 'NL_100022_012410', 'crid:~~2F~~2Fog.libertyglobal.com~~2F20700~~2FNET5_SVOD_1', 'NL_100029_012523', 'NL_005037_018188', 'NL_005021_010202', 'NL_000087_019303', 'NL_105013_014507', 'NL_005094_010310', 'crid:~~2F~~2Fdtv.nl~~2FNL_000191_019261_startover', 'NL_000106_019349', 'NL_105001_018801', 'NL_000029_019046', 'NL_900012_019144', 'crid:~~2F~~2Fdtv.nl~~2FNL_000019_019671', 'NL_000036_019465', 'NL_005093_010304', 'NL_105035_014301', 'NL_000041_019369', 'NL_000058_019381', 'NL_000139_019592', 'NL_100009_019809', 'crid:~~2F~~2Fdtv.nl~~2FNL_000003_019405', 'crid:~~2F~~2Fdtv.nl~~2FNL_000014_019661', 'NL_000010_019422', 'NL_100004_019804', 'NL_105019_014512', 'NL_000085_019494', 'crid:~~2F~~2Fdtv.nl~~2FNL_000178_019041_startover', 'NL_005066_018047', 'crid:~~2F~~2Fdtv.nl~~2FNL_000029_019046', 'NL_100033_012311', 'NL_100023_012414', 'NL_005005_010107', 'NL_100044_012312', 'crid:~~2F~~2Fdtv.nl~~2FNL_000093_019299_startover', 'NL_005055_018166', 'crid:~~2F~~2Fdtv.nl~~2FNL_000020_019432', 'crid:~~2F~~2Fdtv.nl~~2FNL_000109_019464_startover', 'NL_100010_019810', 'NL_105002_018802', 'NL_000020_019432', 'NL_005098_018174', 'crid:~~2F~~2Fdtv.nl~~2FNL_000023_019363_startover', 'NL_000140_019594', 'NL_000046_020053', 'NL_005011_018045', 'NL_005027_010303', 'NL_105051_014201', 'NL_105041_014504', 'NL_100011_012204', 'NL_005071_018170', 'NL_105046_014304', 'NL_000007_019181', 'NL_100034_012401', 'NL_005060_018186', 'crid:~~2F~~2Fdtv.nl~~2FNL_000057_019493', 'NL_105067_014103', 'NL_100017_012412', 'NL_100039_012405', 'crid:~~2F~~2Fdtv.nl~~2FNL_000021_019566_startover', 'NL_100073_012601', 'crid:~~2F~~2Fdtv.nl~~2FNL_000005_019462_startover', 'NL_105063_014502', 'NL_900002_019214', 'NL_000035_020028', 'NL_900013_019210', 'NL_000091_019490', 'NL_000107_019441', 'crid:~~2F~~2Fdtv.nl~~2FNL_000192_019285_startover', 'NL_000183_019149', 'NL_105040_014213', 'crid:~~2F~~2Fdtv.nl~~2FNL_000064_019275_startover', 'NL_100028_012301', 'crid:~~2F~~2Fog.libertyglobal.com~~2F20350~~2FVIACOM_MYPRIME', 'NL_105007_018807', 'crid:~~2F~~2Fdtv.nl~~2FNL_000012_019191', 'NL_000030_019152', 'NL_000096_019382', 'crid:~~2F~~2Fdtv.nl~~2FNL_000012_019191_startover', 'NL_900008_019207', 'NL_105042_014404', 'NL_000144_019212', 'crid:~~2F~~2Fdtv.nl~~2FNL_000018_019221_startover', 'NL_105016_014307', 'NL_100074_012512', 'NL_105027_014203', 'NL_005058_010105', 'crid:~~2F~~2Fdtv.nl~~2FNL_000030_019152', 'crid:~~2F~~2Fdtv.nl~~2FNL_000072_019298_startover', 'NL_105068_014209', 'NL_105075_014105', 'crid:~~2F~~2Fdtv.nl~~2FNL_000076_019247_startover', 'NL_000033_019025', 'NL_000008_019442', 'NL_000118_019350', 'NL_000040_020022', 'NL_100062_012203', 'NL_105064_014205', 'crid:~~2F~~2Fdtv.nl~~2FNL_000028_019705_startover', 'NL_900011_019593', 'crid:~~2F~~2Fdtv.nl~~2FNL_200017_000017_startover', 'crid:~~2F~~2Fdtv.nl~~2FNL_000178_019041', 'crid:~~2F~~2Fdtv.nl~~2FNL_000023_019363', 'NL_105053_014313', 'crid:~~2F~~2Fdtv.nl~~2FNL_000033_019025_startover', 'crid:~~2F~~2Fog.libertyglobal.com~~2FPREVIEW_SVOD', 'NL_005047_010210', 'crid:~~2F~~2Fdtv.nl~~2FNL_000077_019706', 'NL_005091_010114', 'NL_005099_010109', 'NL_005049_018501', 'NL_100048_012518', 'NL_000048_020052', 'NL_005002_010205', 'crid:~~2F~~2Fdtv.nl~~2FNL_000016_019388_startover', 'NL_005020_010120', 'NL_105012_014302', 'NL_005077_018173', 'NL_105065_014509', 'NL_000081_020051', 'crid:~~2F~~2Fdtv.nl~~2FNL_000003_019405_startover', 'NL_000051_019047', 'NL_100040_012302', 'NL_005080_018191', 'crid:~~2F~~2Fdtv.nl~~2FNL_000111_019227', 'NL_105038_014202', 'NL_000004_019461', 'NL_100037_012404', 'NL_000028_019705', 'crid:~~2F~~2Fdtv.nl~~2FNL_000017_019222_startover', 'NL_000024_019701', 'NL_005073_010322', 'NL_000097_019370', 'NL_000011_019563', 'crid:~~2F~~2Fog.libertyglobal.com~~2F21200~~2FCTV_SVOD_FREE_2', 'NL_005088_018043', 'NL_100066_012304', 'crid:~~2F~~2Fdtv.nl~~2FNL_000032_019226_startover', 'crid:~~2F~~2Fdtv.nl~~2FNL_000064_019275', 'NL_000045_019354', 'NL_105030_014310', 'crid:~~2F~~2Fog.libertyglobal.com~~2F37500~~2FMYPRIME_UNITED', 'NL_100014_012514', 'NL_005054_010315', 'crid:~~2F~~2Fdtv.nl~~2FNL_000016_019388', 'NL_005050_010313', 'NL_000181_019669', 'NL_005032_010208', 'NL_105069_014518', 'NL_200002_000002', 'NL_100018_012525', 'NL_005084_010216', 'crid:~~2F~~2Fdtv.nl~~2FNL_000022_019328_startover', 'crid:~~2F~~2Fdtv.nl~~2FNL_000011_019563_startover', 'NL_000092_020048', 'NL_000120_020046', 'NL_000170_019515', 'NL_000113_019150', 'NL_005069_018175', 'NL_105017_014505', 'NL_105008_018808', 'NL_105039_014309', 'NL_000192_019285', 'NL_005036_010108', 'crid:~~2F~~2Fdtv.nl~~2FNL_000087_019303', 'NL_100051_012103', 'NL_100063_012403', 'NL_000148_019144', 'crid:~~2F~~2Fdtv.nl~~2FNL_000095_019371_startover', 'crid:~~2F~~2Fdtv.nl~~2FNL_000002_019402', 'NL_000022_019328', 'NL_100006_019806', 'NL_105028_014411', 'NL_100005_019805', 'crid:~~2F~~2Fdtv.nl~~2FNL_000087_019303_startover', 'NL_100055_012501', 'crid:~~2F~~2Fdtv.nl~~2FNL_000006_019130_startover', 'NL_005059_018042', 'crid:~~2F~~2Fog.libertyglobal.com~~2F20600~~2FSBS_SVOD_1', 'crid:~~2F~~2Fdtv.nl~~2FNL_000013_019327_startover', 'NL_000019_019671', 'NL_000136_019583', 'NL_105031_014316', 'NL_005051_010311', 'crid:~~2F~~2Fdtv.nl~~2FNL_000093_019299', 'crid:~~2F~~2Fdtv.nl~~2FNL_000108_019561', 'crid:~~2F~~2Fdtv.nl~~2FNL_000014_019661_startover', 'NL_000129_020044', 'NL_105011_014204', 'NL_000027_019330', 'NL_005081_010306', 'crid:~~2F~~2Fdtv.nl~~2FNL_000177_021275', 'NL_100078_012213', 'NL_005092_010206', 'NL_105023_014503', 'NL_005006_018181', 'crid:~~2F~~2Fdtv.nl~~2FNL_000059_019252_startover', 'NL_005009_018184', 'NL_100032_012201', 'NL_100054_012205', 'NL_005031_010111', 'NL_100049_012502', 'crid:~~2F~~2Fdtv.nl~~2FNL_000004_019461', 'NL_000082_019431', 'crid:~~2F~~2Fdtv.nl~~2FNL_000015_019166_startover', 'NL_005042_018190', 'NL_900003_019591', 'crid:~~2F~~2Fog.libertyglobal.com~~2F38500~~2FFREEVODID', 'NL_100081_012105', 'NL_105034_014519', 'crid:~~2F~~2Fdtv.nl~~2FNL_000031_019362', 'crid:~~2F~~2Fdtv.nl~~2FNL_000007_019181_startover', 'crid:~~2F~~2Fdtv.nl~~2FNL_000075_019246', 'NL_105020_014305', 'NL_005065_011048', 'NL_005061_010118', 'NL_005017_010103', 'NL_005083_010110', 'crid:~~2F~~2Fdtv.nl~~2FNL_000103_019581', 'NL_005018_010101', 'NL_100013_012307', 'crid:~~2F~~2Fdtv.nl~~2FNL_000132_019278_startover', 'crid:~~2F~~2Fdtv.nl~~2FNL_000069_020071_startover', 'NL_005046_010209', 'crid:~~2F~~2Fdtv.nl~~2FNL_000056_019483_startover', 'crid:~~2F~~2Fdtv.nl~~2FNL_000109_019464', 'NL_100020_012208', 'crid:~~2F~~2Fdtv.nl~~2FNL_000009_019024_startover', 'NL_000018_019221', 'NL_900009_019212', 'NL_000023_019363', 'NL_005085_018048', 'NL_105015_014410', 'crid:~~2F~~2Fdtv.nl~~2FNL_000110_019562_startover', 'crid:~~2F~~2Fdtv.nl~~2FNL_000097_019370', 'crid:~~2F~~2Fdtv.nl~~2FNL_000017_019222', 'crid:~~2F~~2Fdtv.nl~~2FNL_000028_019705', 'NL_100071_012519', 'crid:~~2F~~2Fdtv.nl~~2FNL_000024_019701', 'crid:~~2F~~2Fdtv.nl~~2FNL_000033_019025', 'NL_000182_019348', 'crid:~~2F~~2Fdtv.nl~~2FNL_000002_019402_startover', 'NL_200001_000001', 'NL_100079_019820', 'NL_105049_014414', 'NL_000149_019210', 'NL_900010_019208', 'crid:~~2F~~2Fdtv.nl~~2FNL_000111_019227_startover', 'NL_005028_011050', 'NL_005095_011042', 'crid:~~2F~~2Fog.libertyglobal.com~~2F21000~~2FECV_SVOD_1', 'NL_100015_012409', 'NL_105050_014522', 'NL_005014_018046', 'NL_000083_019306', 'crid:~~2F~~2Fog.libertyglobal.com~~2F34000~~2FVRTSVODOFFERING1', 'crid:~~2F~~2Fdtv.nl~~2FNL_000082_019431', 'NL_005007_018182', 'NL_105032_014523', 'NL_000193_019342', 'NL_005062_018187', 'NL_100047_012506', 'NL_100036_012522', 'NL_000005_019462', 'NL_000015_019166', 'NL_005003_010215', 'NL_100064_012504', 'NL_100070_012207', 'crid:~~2F~~2Fdtv.nl~~2FNL_000020_019432_startover', 'NL_000098_019255', 'NL_105054_014403', 'crid:~~2F~~2Fdtv.nl~~2FNL_000009_019024', 'NL_000001_019401', 'NL_900005_019594', 'NL_105043_014517', 'NL_000025_019708', 'NL_005040_010212', 'crid:~~2F~~2Fdtv.nl~~2FNL_000114_019151', 'crid:~~2F~~2Fdtv.nl~~2FNL_000032_019226', 'NL_005045_011046', 'NL_100021_012517', 'NL_000006_019130', 'crid:~~2F~~2Fdtv.nl~~2FNL_000112_019385_startover', 'NL_000147_019593', 'NL_005024_010307', 'NL_000086_020067', 'crid:~~2F~~2Fog.libertyglobal.com~~2F38300~~2FPSV_SVOD', 'NL_100052_012313', 'NL_105005_018805', 'crid:~~2F~~2Fdtv.nl~~2FNL_000075_019246_startover', 'NL_100043_012516', 'NL_000114_019151', 'NL_000037_019186', 'crid:~~2F~~2Fdtv.nl~~2FNL_000115_019447', 'NL_105009_018809', 'crid:~~2F~~2Fdtv.nl~~2FNL_200017_000017', 'crid:~~2F~~2Fdtv.nl~~2FNL_000027_019330', 'NL_105022_014524', 'crid:~~2F~~2Fog.libertyglobal.com~~2F34100~~2FKETNETSVODOFFERING', 'crid:~~2F~~2Fdtv.nl~~2FNL_000133_019271_startover', 'crid:~~2F~~2Fdtv.nl~~2FNL_000094_019321', 'NL_000169_020054', 'NL_005030_010214', 'crid:~~2F~~2Fdtv.nl~~2FNL_000010_019422_startover', 'NL_100007_019807', 'NL_100053_012509', 'crid:~~2F~~2Fdtv.nl~~2FNL_000001_019401', 'NL_000016_019388', 'NL_000038_019063', 'NL_000088_019251', 'NL_100002_019802', 'NL_100001_019801', 'NL_105010_018810', 'crid:~~2F~~2Fdtv.nl~~2FNL_000063_019307_startover', 'NL_100059_012520', 'NL_105060_014514', 'NL_005044_011045', 'NL_100069_012524', 'NL_000002_019402', 'NL_005057_018162', 'NL_900004_019592', 'NL_005029_010217', 'crid:~~2F~~2Fdtv.nl~~2FNL_000189_013341', 'NL_000115_019447', 'NL_005068_018169', 'crid:~~2F~~2Fdtv.nl~~2FNL_000004_019461_startover', 'crid:~~2F~~2Fdtv.nl~~2FNL_000115_019447_startover', 'NL_005001_011041', 'crid:~~2F~~2Fdtv.nl~~2FNL_000107_019441_startover', 'NL_000094_019321', 'crid:~~2F~~2Fdtv.nl~~2FNL_000076_019247', 'NL_005025_010302', 'NL_000073_019506', 'NL_000084_019301', 'NL_105004_018804', 'crid:~~2F~~2Fdtv.nl~~2FNL_000179_019044_startover', 'NL_005035_010201', 'NL_100041_012104', 'NL_100075_012415', 'NL_005041_010305', 'NL_000137_019214', 'crid:~~2F~~2Fdtv.nl~~2FNL_000069_020071', 'NL_105066_014501', 'crid:~~2F~~2Fdtv.nl~~2FNL_000011_019563', 'NL_100019_012212', 'NL_100026_012510', 'NL_000093_019299', 'NL_000099_019256', 'crid:~~2F~~2Fdtv.nl~~2FNL_000029_019046_startover', 'crid:~~2F~~2Fdtv.nl~~2FNL_000005_019462', 'NL_105071_014401', 'crid:~~2F~~2Fdtv.nl~~2FNL_900014_019275_startover', 'crid:~~2F~~2Fdtv.nl~~2FNL_000070_019293', 'NL_005052_010312', 'NL_000143_019207', 'crid:~~2F~~2Fdtv.nl~~2FNL_000015_019166', 'crid:~~2F~~2Fdtv.nl~~2FNL_000008_019442_startover', 'crid:~~2F~~2Fdtv.nl~~2FNL_000071_019489', 'NL_005074_018165', 'NL_100025_012314', 'crid:~~2F~~2Fdtv.nl~~2FNL_000083_019306', 'crid:~~2F~~2Fdtv.nl~~2FNL_000179_019044', 'NL_000050_019353', 'NL_100031_012411', 'NL_005013_010106', 'crid:~~2F~~2Fdtv.nl~~2FNL_000022_019328', 'crid:~~2F~~2Fdtv.nl~~2FNL_000065_019262', 'crid:~~2F~~2Fdtv.nl~~2FNL_000092_020048', 'NL_005090_010112', 'crid:~~2F~~2Fog.libertyglobal.com~~2F28000~~2FNLSP8202009000008000', 'NL_005079_010211'], 'trackingId': 'ad6a999a703267574f1d4bb95937980c81b6c194413d174015a3d5601c1ec225', 'homeScreenHint': 'omw_basic'}
DEBUG:urllib3.connectionpool:Starting new HTTPS connection (1): web-api-prod-obo.horizon.tv:443
DEBUG:urllib3.connectionpool:https://web-api-prod-obo.horizon.tv:443 "GET /oesp/v4/NL/nld/web/tokens/jwt HTTP/1.1" 200 198
DEBUG:root:Fetched a token: {'token': 'eyJhbGciOiJIUzI1NiIsInR5cCI6IkpXVCIsImtpZCI6Im9lc3BfbXF0dCJ9.eyJjb21zLWdyb3VwLWlkIjoiODQzNjgzMF9ubCIsImlhdCI6MTYwMjkzMTIzMSwiZXhwIjoxNjAyOTQ5MjMxfQ.Pa9uqHJaz7USP4MER4LLYUCHaBGmN-TzADITUnN-aNM'}
DEBUG:urllib3.connectionpool:Starting new HTTPS connection (1): prod.spark.ziggogo.tv:443
DEBUG:urllib3.connectionpool:https://prod.spark.ziggogo.tv:443 "GET /nld/web/personalization-service/v1/customer/8436830_nl/devices HTTP/1.1" 200 622
DEBUG:urllib3.connectionpool:Starting new HTTPS connection (1): web-api-prod-obo.horizon.tv:443
DEBUG:urllib3.connectionpool:https://web-api-prod-obo.horizon.tv:443 "GET /oesp/v4/NL/nld/web/channels HTTP/1.1" 200 33638
DEBUG:root:Updated channels.
DEBUG:root:Connected to mqtt client.
DEBUG:root:subscribed to topic: #
DEBUG:root:subscribed to topic: 8436830_nl
DEBUG:root:subscribed to topic: 8436830_nl/+/status
DEBUG:root:subscribed to topic: 8436830_nl/+/localRecordings
DEBUG:root:subscribed to topic: 8436830_nl/+/localRecordings/capacity
DEBUG:root:subscribed to topic: #
DEBUG:root:subscribed to topic: 8436830_nl
DEBUG:root:subscribed to topic: 8436830_nl/+/status
DEBUG:root:subscribed to topic: 8436830_nl/+/localRecordings
DEBUG:root:subscribed to topic: 8436830_nl/+/localRecordings/capacity
DEBUG:root:{'source': 'j043p3oe1juqjjfbuendcxiumbxnpp', 'state': 'OFFLINE', 'deviceType': 'HGO'}
DEBUG:root:{'source': 'x4og3otkegmj2i0btp57ioafwrv5h8', 'state': 'OFFLINE', 'deviceType': 'HGO'}
DEBUG:root:{'source': 'f2fe1aafb9bd005ebd08b457dabbba60', 'state': 'OFFLINE', 'deviceType': 'HGO'}
DEBUG:root:{'source': 'uefkpjc1lh8b6uh17vdw4gxeejeqrq', 'state': 'OFFLINE', 'deviceType': 'HGO'}
DEBUG:root:{'source': 'o4uuw3kvnsdv9bb5wbeocsytbsvgcu', 'state': 'ONLINE_RUNNING', 'deviceType': 'HGO'}
DEBUG:root:{'mac': '', 'ipAddress': '', 'state': 'OFFLINE', 'source': '547b4a18-5422-48b8-a50b-120c1f5458ce', 'deviceType': 'HGO'}
DEBUG:root:{'source': 'qc7wkem91epslpgv27fiyqedvx3r9q', 'state': 'OFFLINE', 'deviceType': 'HGO'}
DEBUG:root:{'source': 'khr7sx4xfursrqsd5j99akvk0xo67m', 'state': 'ONLINE_RUNNING', 'deviceType': 'HGO'}
DEBUG:root:{'mac': '', 'ipAddress': '', 'state': 'OFFLINE', 'source': '5647c3b2-d8b2-47dd-985c-a1b4459e9b1d', 'deviceType': 'HGO'}
DEBUG:root:{'source': 'tu71mushqgjo6s4jtlexi86qmp7q9y', 'state': 'OFFLINE', 'deviceType': 'HGO'}
DEBUG:root:{'deviceType': 'STB', 'source': '3C36E4-EOSSTB-003847463902', 'state': 'ONLINE_STANDBY', 'mac': '88:71:B1:66:4E:3A', 'ipAddress': '192.168.1.137/255.255.255.0'}
DEBUG:root:Request box state for box Ziggo Boven
DEBUG:root:subscribed to topic: 8436830_nl/9TcgCLhJU0ygrcxvCh1uR0eaQcL2kZ
DEBUG:root:subscribed to topic: 8436830_nl/3C36E4-EOSSTB-003847463902
DEBUG:root:subscribed to topic: 8436830_nl/3C36E4-EOSSTB-003847463902/status
DEBUG:root:{'source': '41raspbmsi6quv5enb2upcqpwqf4hl', 'state': 'OFFLINE', 'deviceType': 'HGO'}
DEBUG:root:{'source': 'easym8dq2d2rjepwgn2fsin8ltcjiu', 'state': 'OFFLINE', 'deviceType': 'HGO'}
DEBUG:root:{'source': 'i3vsonv6jojfy5e3p4tk55pc52kqgk', 'state': 'OFFLINE', 'deviceType': 'HGO'}
DEBUG:root:{'source': '8d4yjqatjyjecxo54rs30eyt9m5fos', 'state': 'OFFLINE', 'deviceType': 'HGO'}
DEBUG:root:{'source': 'mko1jb3n6f9mk3fg194j881j5eox1f', 'state': 'OFFLINE', 'deviceType': 'HGO'}
DEBUG:root:{'deviceType': 'STB', 'source': '3C36E4-EOSSTB-003890066107', 'state': 'ONLINE_RUNNING', 'mac': '9C:C8:FC:20:78:57', 'ipAddress': '192.168.1.143/255.255.255.0'}
DEBUG:root:Request box state for box Ziggo Beneden
DEBUG:root:subscribed to topic: 8436830_nl/9TcgCLhJU0ygrcxvCh1uR0eaQcL2kZ
DEBUG:root:subscribed to topic: 8436830_nl/3C36E4-EOSSTB-003890066107
DEBUG:root:subscribed to topic: 8436830_nl/3C36E4-EOSSTB-003890066107/status
DEBUG:root:Request box state for box Ziggo Beneden
DEBUG:root:{'source': '9TcgCLhJU0ygrcxvCh1uR0eaQcL2kZ', 'state': 'ONLINE_RUNNING', 'deviceType': 'HGO'}
DEBUG:root:{'source': 'j043p3oe1juqjjfbuendcxiumbxnpp', 'state': 'OFFLINE', 'deviceType': 'HGO'}
DEBUG:root:{'source': 'x4og3otkegmj2i0btp57ioafwrv5h8', 'state': 'OFFLINE', 'deviceType': 'HGO'}
DEBUG:root:{'source': 'f2fe1aafb9bd005ebd08b457dabbba60', 'state': 'OFFLINE', 'deviceType': 'HGO'}
DEBUG:root:{'source': 'uefkpjc1lh8b6uh17vdw4gxeejeqrq', 'state': 'OFFLINE', 'deviceType': 'HGO'}
DEBUG:root:{'source': 'o4uuw3kvnsdv9bb5wbeocsytbsvgcu', 'state': 'ONLINE_RUNNING', 'deviceType': 'HGO'}
DEBUG:root:{'mac': '', 'ipAddress': '', 'state': 'OFFLINE', 'source': '5647c3b2-d8b2-47dd-985c-a1b4459e9b1d', 'deviceType': 'HGO'}
DEBUG:root:{'source': 'khr7sx4xfursrqsd5j99akvk0xo67m', 'state': 'ONLINE_RUNNING', 'deviceType': 'HGO'}
DEBUG:root:{'mac': '', 'ipAddress': '', 'state': 'OFFLINE', 'source': '547b4a18-5422-48b8-a50b-120c1f5458ce', 'deviceType': 'HGO'}
DEBUG:root:{'source': 'easym8dq2d2rjepwgn2fsin8ltcjiu', 'state': 'OFFLINE', 'deviceType': 'HGO'}
DEBUG:root:{'deviceType': 'STB', 'source': '3C36E4-EOSSTB-003847463902', 'state': 'ONLINE_STANDBY', 'mac': '88:71:B1:66:4E:3A', 'ipAddress': '192.168.1.137/255.255.255.0'}
DEBUG:root:{'source': 'qc7wkem91epslpgv27fiyqedvx3r9q', 'state': 'OFFLINE', 'deviceType': 'HGO'}
DEBUG:root:{'source': 'tu71mushqgjo6s4jtlexi86qmp7q9y', 'state': 'OFFLINE', 'deviceType': 'HGO'}
DEBUG:root:{'source': '41raspbmsi6quv5enb2upcqpwqf4hl', 'state': 'OFFLINE', 'deviceType': 'HGO'}
DEBUG:root:{'source': 'i3vsonv6jojfy5e3p4tk55pc52kqgk', 'state': 'OFFLINE', 'deviceType': 'HGO'}
DEBUG:root:{'source': 'mko1jb3n6f9mk3fg194j881j5eox1f', 'state': 'OFFLINE', 'deviceType': 'HGO'}
DEBUG:root:{'deviceType': 'STB', 'source': '3C36E4-EOSSTB-003890066107', 'state': 'ONLINE_RUNNING', 'mac': '9C:C8:FC:20:78:57', 'ipAddress': '192.168.1.143/255.255.255.0'}
DEBUG:root:Request box state for box Ziggo Beneden
DEBUG:root:{'source': '8d4yjqatjyjecxo54rs30eyt9m5fos', 'state': 'OFFLINE', 'deviceType': 'HGO'}
DEBUG:root:{'source': '9TcgCLhJU0ygrcxvCh1uR0eaQcL2kZ', 'state': 'ONLINE_RUNNING', 'deviceType': 'HGO'}
DEBUG:root:{'deviceType': 'STB', 'source': '3C36E4-EOSSTB-003847463902', 'state': 'ONLINE_STANDBY', 'mac': '88:71:B1:66:4E:3A', 'ipAddress': '192.168.1.137/255.255.255.0'}
DEBUG:root:{'deviceType': 'STB', 'source': '3C36E4-EOSSTB-003890066107', 'state': 'ONLINE_RUNNING', 'mac': '9C:C8:FC:20:78:57', 'ipAddress': '192.168.1.143/255.255.255.0'}
DEBUG:root:Request box state for box Ziggo Beneden
DEBUG:root:{'version': '1.3.10', 'type': 'CPE.uiStatus', 'source': '3C36E4-EOSSTB-003890066107', 'messageTimeStamp': 1602931232119, 'status': {'uiStatus': 'mainUI', 'playerState': {'sourceType': 'VOD', 'speed': 1, 'lastSpeedChangeTime': 1602930039957, 'source': {'titleId': 'crid:~~2F~~2Fog.libertyglobal.com~~2F37500~~2FZINC_24292_NL'}, 'brandingProviderId': 'nobrandingprovider', 'relativePosition': 1202040}, 'uiState': {}}, 'id': '6mjAAXpr'}
DEBUG:root:Updating box 3C36E4-EOSSTB-003890066107 with payload:
DEBUG:root:{'version': '1.3.10', 'type': 'CPE.uiStatus', 'source': '3C36E4-EOSSTB-003890066107', 'messageTimeStamp': 1602931232119, 'status': {'uiStatus': 'mainUI', 'playerState': {'sourceType': 'VOD', 'speed': 1, 'lastSpeedChangeTime': 1602930039957, 'source': {'titleId': 'crid:~~2F~~2Fog.libertyglobal.com~~2F37500~~2FZINC_24292_NL'}, 'brandingProviderId': 'nobrandingprovider', 'relativePosition': 1202040}, 'uiState': {}}, 'id': '6mjAAXpr'}
DEBUG:urllib3.connectionpool:Starting new HTTPS connection (1): web-api-prod-obo.horizon.tv:443
DEBUG:urllib3.connectionpool:https://web-api-prod-obo.horizon.tv:443 "GET /oesp/v4/NL/nld/web/mediagroups/crid:~~2F~~2Fog.libertyglobal.com~~2F37500~~2FZINC_24292_NL HTTP/1.1" 200 2127
DEBUG:root:{'version': '1.3.10', 'type': 'CPE.uiStatus', 'source': '3C36E4-EOSSTB-003890066107', 'messageTimeStamp': 1602931232129, 'status': {'uiStatus': 'mainUI', 'playerState': {'sourceType': 'VOD', 'speed': 1, 'lastSpeedChangeTime': 1602930039957, 'source': {'titleId': 'crid:~~2F~~2Fog.libertyglobal.com~~2F37500~~2FZINC_24292_NL'}, 'brandingProviderId': 'nobrandingprovider', 'relativePosition': 1202040}, 'uiState': {}}, 'id': 'VS8UtGCN'}
DEBUG:root:Updating box 3C36E4-EOSSTB-003890066107 with payload:
DEBUG:root:{'version': '1.3.10', 'type': 'CPE.uiStatus', 'source': '3C36E4-EOSSTB-003890066107', 'messageTimeStamp': 1602931232129, 'status': {'uiStatus': 'mainUI', 'playerState': {'sourceType': 'VOD', 'speed': 1, 'lastSpeedChangeTime': 1602930039957, 'source': {'titleId': 'crid:~~2F~~2Fog.libertyglobal.com~~2F37500~~2FZINC_24292_NL'}, 'brandingProviderId': 'nobrandingprovider', 'relativePosition': 1202040}, 'uiState': {}}, 'id': 'VS8UtGCN'}
DEBUG:urllib3.connectionpool:Starting new HTTPS connection (1): web-api-prod-obo.horizon.tv:443
DEBUG:urllib3.connectionpool:https://web-api-prod-obo.horizon.tv:443 "GET /oesp/v4/NL/nld/web/mediagroups/crid:~~2F~~2Fog.libertyglobal.com~~2F37500~~2FZINC_24292_NL HTTP/1.1" 200 2127
DEBUG:root:{'version': '1.3.10', 'type': 'CPE.uiStatus', 'source': '3C36E4-EOSSTB-003890066107', 'messageTimeStamp': 1602931232198, 'status': {'uiStatus': 'mainUI', 'playerState': {'sourceType': 'VOD', 'speed': 1, 'lastSpeedChangeTime': 1602930039957, 'source': {'titleId': 'crid:~~2F~~2Fog.libertyglobal.com~~2F37500~~2FZINC_24292_NL'}, 'brandingProviderId': 'nobrandingprovider', 'relativePosition': 1202040}, 'uiState': {}}, 'id': 'mZZCGWT9'}
DEBUG:root:Updating box 3C36E4-EOSSTB-003890066107 with payload:
DEBUG:root:{'version': '1.3.10', 'type': 'CPE.uiStatus', 'source': '3C36E4-EOSSTB-003890066107', 'messageTimeStamp': 1602931232198, 'status': {'uiStatus': 'mainUI', 'playerState': {'sourceType': 'VOD', 'speed': 1, 'lastSpeedChangeTime': 1602930039957, 'source': {'titleId': 'crid:~~2F~~2Fog.libertyglobal.com~~2F37500~~2FZINC_24292_NL'}, 'brandingProviderId': 'nobrandingprovider', 'relativePosition': 1202040}, 'uiState': {}}, 'id': 'mZZCGWT9'}
DEBUG:urllib3.connectionpool:Starting new HTTPS connection (1): web-api-prod-obo.horizon.tv:443
DEBUG:urllib3.connectionpool:https://web-api-prod-obo.horizon.tv:443 "GET /oesp/v4/NL/nld/web/mediagroups/crid:~~2F~~2Fog.libertyglobal.com~~2F37500~~2FZINC_24292_NL HTTP/1.1" 200 2127
DEBUG:root:{'version': '1.3.10', 'type': 'CPE.uiStatus', 'source': '3C36E4-EOSSTB-003890066107', 'messageTimeStamp': 1602931232403, 'status': {'uiStatus': 'mainUI', 'playerState': {'sourceType': 'VOD', 'speed': 1, 'lastSpeedChangeTime': 1602930039957, 'source': {'titleId': 'crid:~~2F~~2Fog.libertyglobal.com~~2F37500~~2FZINC_24292_NL'}, 'brandingProviderId': 'nobrandingprovider', 'relativePosition': 1202040}, 'uiState': {}}, 'id': '9ZuMv0I1'}
DEBUG:root:Updating box 3C36E4-EOSSTB-003890066107 with payload:
DEBUG:root:{'version': '1.3.10', 'type': 'CPE.uiStatus', 'source': '3C36E4-EOSSTB-003890066107', 'messageTimeStamp': 1602931232403, 'status': {'uiStatus': 'mainUI', 'playerState': {'sourceType': 'VOD', 'speed': 1, 'lastSpeedChangeTime': 1602930039957, 'source': {'titleId': 'crid:~~2F~~2Fog.libertyglobal.com~~2F37500~~2FZINC_24292_NL'}, 'brandingProviderId': 'nobrandingprovider', 'relativePosition': 1202040}, 'uiState': {}}, 'id': '9ZuMv0I1'}
DEBUG:urllib3.connectionpool:Starting new HTTPS connection (1): web-api-prod-obo.horizon.tv:443
DEBUG:urllib3.connectionpool:https://web-api-prod-obo.horizon.tv:443 "GET /oesp/v4/NL/nld/web/mediagroups/crid:~~2F~~2Fog.libertyglobal.com~~2F37500~~2FZINC_24292_NL HTTP/1.1" 200 2127
